// Jest Snapshot v1, https://goo.gl/fbAQLP

exports[`TodoList enzyme shallow snapshots 1`] = `
"<TodoList___StyledBox className=\\"TodoList\\" mx=\\"auto\\">
  <Styled(styled.div) mb=\\"2\\" justifyContent=\\"space-between\\" alignItems=\\"flex-end\\">
    <Styled(Styled(styled.div)) as=\\"h2\\" m={0} fontSize={4} fontWeight=\\"bold\\">
      Todo List for:
    </Styled(Styled(styled.div))>
    <Connect(UsernameInput) />
  </Styled(styled.div)>
  <styled.hr borderColor=\\"gray\\" borderWidth={1} />
  <TodoItem todo={{...}} onChange={[Function: mockConstructor]} onDelete={[Function: mockConstructor]} />
  <TodoItem todo={{...}} onChange={[Function: mockConstructor]} onDelete={[Function: mockConstructor]} />
  <Styled(Styled(styled.div)) fontSize={3} mt={2} as=\\"h2\\" m={0} fontWeight=\\"bold\\">
    Done Items
  </Styled(Styled(styled.div))>
  <TodoItem todo={{...}} onChange={[Function: mockConstructor]} onDelete={[Function: mockConstructor]} />
</TodoList___StyledBox>"
`;

exports[`TodoList react-test-renderer snapshots 1`] = `
<div
  className="TodoList"
>
  <h1>
    Todo List
  </h1>
  <div
    className="TodoItem"
  >
    <input
      className="TodoItem__input"
      onChange={[Function]}
      value="Pending Item"
    />
    <button
      onClick={[Function]}
    >
      Done
    </button>
    <button
      onClick={[Function]}
    >
      X
    </button>
  </div>
  <div
    className="TodoItem"
  >
    <input
      className="TodoItem__input"
      onChange={[Function]}
      value="New Item"
    />
    <button
      onClick={[Function]}
    >
      Done
    </button>
    <button
      onClick={[Function]}
    >
      X
    </button>
  </div>
  <h2>
    Done Items
  </h2>
  <div
    className="TodoItem TodoItem--done"
  >
    <input
      className="TodoItem__input"
      onChange={[Function]}
      value="Done Item"
    />
    <button
      onClick={[Function]}
    >
      Undo
    </button>
    <button
      onClick={[Function]}
    >
      X
    </button>
  </div>
</div>
`;
